node:events:487
      throw er; // Unhandled 'error' event
      ^

Error: listen EADDRINUSE: address already in use :::4461
    at Server.setupListenHandle [as _listen2] (node:net:2167:16)
    at listenInCluster (node:net:2224:12)
    at Server.listen (node:net:2344:7)
    aSocket connected: iAC8Y2QPb4x52X6fAAAF
Socket connected: xviuK8Yld7sCP0C3AAAG
Socket connected: d1wNVj-dumMXfoOQAAAH
Socket disconnected: iAC8Y2QPb4x52X6fAAAF
ader:1934:14)
    at Object..js (node:internal/modules/cjs/loader:2074:10)
    at Module.load (node:internal/modules/cjs/loader:1656:32)
    at Module._load (node:internal/modules/cjs/loader:1448:12)
    at wrapModuleLoad (node:internal/modules/cjs/loader:261:19)
    at Module.executeUserEntryPoint [as runMain] (node:internal/modules/run_main:154:5)
Emitted 'error' event on Server instance at:
    at emitErrorNT (node:net:2203:8)
    at process.processTicksAndRejections (node:internal/process/task_queues:90:21) {
  code: 'EADDRINUSE',
  errno: -98,
  syscall: 'listen',
  address: '::',
  port: 4461
}

Node.js v26.5.1
