2026-10-05T02:29:54Z INF Thank you for trying Cloudflare Tunnel. Doing so, without a Cloudflare account, is a quick way to experiment and try it out. However, be aware that these account-less Tunnels have no uptime guarantee, are subject to the Cloudflare Online Services Terms of Use (https://www.cloudflare.com/website-terms/), and Cloudflare reserves the right to investigate your use of Tunnels for violations of such terms. If you intend to use Tunnels in production you should use a pre-created named tunnel by following: https://developers.cloudflare.com/cloudflare-one/connections/connect-apps
2026-10-05T02:29:54Z INF Requesting new quick Tunnel on trycloudflare.com...
2026-10-05T02:29:58Z INF +--------------------------------------------------------------------------------------------+
2026-10-05T02:29:58Z INF |  Your quick Tunnel has been created! Visit it at (it may take some time to be reachable):  |
2026-10-05T02:29:58Z INF |  https://bidder-universe-wool-luggage.trycloudflare.com                                    |
2026-10-05T02:29:58Z INF +--------------------------------------------------------------------------------------------+
2026-10-05T02:29:58Z INF Cannot determine default configuration path. No file [config.yml config.yaml] in [~/.cloudflared ~/.cloudflare-warp ~/cloudflare-warp /etc/cloudflared /usr/local/etc/cloudflared]
2026-10-05T02:29:58Z INF Version 2026.7.3 (Checksum ea2658af2b1f34e56157f45ae47713d8bee63bc64be7e874a86fae115f0a0257)
2026-10-05T02:29:58Z INF GOOS: linux, GOVersion: go1.26.5-X:nodwarf5, GoArch: amd64
2026-10-05T02:29:58Z INF Settings: map[ha-connections:1 no-autoupdate:true protocol:quic url:http://127.0.0.1:3101]
2026-10-05T02:29:58Z INF cloudflared will not automatically update if installed by a package manager.
2026-10-05T02:29:58Z INF Generated Connector ID: b7161cc8-feb8-4176-b5f6-aa9821cbdecd
2026-10-05T02:29:58Z INF Initial protocol quic
2026-10-05T02:29:58Z INF ICMP proxy will use 192.168.12.205 as source for IPv4
2026-10-05T02:29:58Z INF ICMP proxy will use fdfe:5e6c:2e69:98de:99b7:42b6:4b36:8267 in zone eno1 as source for IPv6
2026-10-05T02:29:58Z INF ICMP proxy will use 192.168.12.205 as source for IPv4
2026-10-05T02:29:58Z INF ICMP proxy will use fdfe:5e6c:2e69:98de:99b7:42b6:4b36:8267 in zone eno1 as source for IPv6
2026-10-05T02:29:58Z INF Starting metrics server on 127.0.0.1:20242/metrics
2026-10-05T02:29:58Z INF Tunnel connection curve preferences: [X25519MLKEM768 CurveID(65074) CurveP256] connIndex=0 event=0 ip=2606:4700:a0::5
2026-10-05T02:29:58Z INF +-------------------------------------------------------------------------------------+
2026-10-05T02:29:58Z INF |                               CONNECTIVITY PRE-CHECKS                               |
2026-10-05T02:29:58Z INF +-------------------------------------------------------------------------------------+
2026-10-05T02:29:58Z INF |  COMPONENT         TARGET                     STATUS  DETAILS                       |
2026-10-05T02:29:58Z INF |  DNS Resolution    region1.v2.argotunnel.com  PASS    DNS Resolved successfully     |
2026-10-05T02:29:58Z INF |  DNS Resolution    region2.v2.argotunnel.com  PASS    DNS Resolved successfully     |
2026-10-05T02:29:58Z INF |  UDP Connectivity  region1.v2.argotunnel.com  PASS    QUIC connection successful    |
2026-10-05T02:29:58Z INF |  UDP Connectivity  region2.v2.argotunnel.com  PASS    QUIC connection successful    |
2026-10-05T02:29:58Z INF |  TCP Connectivity  region1.v2.argotunnel.com  PASS    HTTP/2 connection successful  |
2026-10-05T02:29:58Z INF |  TCP Connectivity  region2.v2.argotunnel.com  PASS    HTTP/2 connection successful  |
2026-10-05T02:29:58Z INF |  Cloudflare API    api.cloudflare.com:443     PASS    API is reachable              |
2026-10-05T02:29:58Z INF |                                                                                     |
2026-10-05T02:29:58Z INF |  SUMMARY: Environment is healthy. cloudflared will use 'quic' as primary protocol.  |
2026-10-05T02:29:58Z INF +-------------------------------------------------------------------------------------+
2026-10-05T02:29:58Z INF precheck component="DNS Resolution" details="DNS Resolved successfully" run_id=7f6a94dc-2428-4506-9052-10f0ed407c1f status=pass target=region1.v2.argotunnel.com
2026-10-05T02:29:58Z INF precheck component="DNS Resolution" details="DNS Resolved successfully" run_id=7f6a94dc-2428-4506-9052-10f0ed407c1f status=pass target=region2.v2.argotunnel.com
2026-10-05T02:29:58Z INF precheck component="UDP Connectivity" details="QUIC connection successful" run_id=7f6a94dc-2428-4506-9052-10f0ed407c1f status=pass target=region1.v2.argotunnel.com
2026-10-05T02:29:58Z INF precheck component="UDP Connectivity" details="QUIC connection successful" run_id=7f6a94dc-2428-4506-9052-10f0ed407c1f status=pass target=region2.v2.argotunnel.com
2026-10-05T02:29:58Z INF precheck component="TCP Connectivity" details="HTTP/2 connection successful" run_id=7f6a94dc-2428-4506-9052-10f0ed407c1f status=pass target=region1.v2.argotunnel.com
2026-10-05T02:29:58Z INF precheck component="TCP Connectivity" details="HTTP/2 connection successful" run_id=7f6a94dc-2428-4506-9052-10f0ed407c1f status=pass target=region2.v2.argotunnel.com
2026-10-05T02:29:58Z INF precheck component="Cloudflare API" details="API is reachable" run_id=7f6a94dc-2428-4506-9052-10f0ed407c1f status=pass target=api.cloudflare.com:443
2026-10-05T02:29:58Z INF precheck complete hard_fail=false run_id=7f6a94dc-2428-4506-9052-10f0ed407c1f suggested_protocol=quic
2026-10-05T02:29:58Z INF Registered tunnel connection connIndex=0 connection=8c72f35e-ae3a-424d-8c86-f7a37868e336 event=0 ip=2606:4700:a0::5 location=iah01 protocol=quic
2026-10-05T03:02:59Z INF Initiating graceful shutdown due to signal terminated ...
2026-10-05T03:02:59Z ERR failed to run the datagram handler error="Application error 0x0 (remote)" connIndex=0 event=0 ip=2606:4700:a0::5
2026-10-05T03:02:59Z ERR failed to serve tunnel connection error="accept stream listener encountered a failure while serving" connIndex=0 event=0 ip=2606:4700:a0::5
2026-10-05T03:02:59Z ERR Serve tunnel error error="accept stream listener encountered a failure while serving" connIndex=0 event=0 ip=2606:4700:a0::5
2026-10-05T03:02:59Z INF Retrying connection in up to 1s connIndex=0 event=0 ip=2606:4700:a0::5
2026-10-05T03:02:59Z ERR Connection terminated connIndex=0
2026-10-05T03:02:59Z ERR no more connections active and exiting
2026-10-05T03:02:59Z INF Tunnel server stopped
2026-10-05T03:02:59Z INF Metrics server stopped
